[2026-06-20T03:44:14.592+0000] {manager.py:470} INFO - Processing files using up to 2 processes at a time 
[2026-06-20T03:44:14.592+0000] {manager.py:471} INFO - Process each file at most once every 30 seconds
[2026-06-20T03:44:14.593+0000] {manager.py:472} INFO - Checking for new files in /opt/airflow/dags every 300 seconds
[2026-06-20T03:44:14.593+0000] {manager.py:737} INFO - Searching for files in /opt/airflow/dags
[2026-06-20T03:44:14.600+0000] {manager.py:740} INFO - There are 0 files in /opt/airflow/dags
[2026-06-20T03:49:14.846+0000] {manager.py:737} INFO - Searching for files in /opt/airflow/dags
[2026-06-20T03:49:14.847+0000] {manager.py:740} INFO - There are 0 files in /opt/airflow/dags
[2026-06-20T03:50:15.214+0000] {manager.py:452} INFO - Exiting gracefully upon receiving signal 15
[2026-06-20T03:51:32.479+0000] {manager.py:470} INFO - Processing files using up to 2 processes at a time 
[2026-06-20T03:51:32.486+0000] {manager.py:471} INFO - Process each file at most once every 30 seconds
[2026-06-20T03:51:32.487+0000] {manager.py:472} INFO - Checking for new files in /opt/airflow/dags every 300 seconds
[2026-06-20T03:51:32.488+0000] {manager.py:737} INFO - Searching for files in /opt/airflow/dags
[2026-06-20T03:51:32.490+0000] {manager.py:740} INFO - There are 0 files in /opt/airflow/dags
[2026-06-20T03:56:32.671+0000] {manager.py:737} INFO - Searching for files in /opt/airflow/dags
[2026-06-20T03:56:32.672+0000] {manager.py:740} INFO - There are 0 files in /opt/airflow/dags
[2026-06-20T04:01:32.733+0000] {manager.py:737} INFO - Searching for files in /opt/airflow/dags
[2026-06-20T04:01:32.734+0000] {manager.py:740} INFO - There are 0 files in /opt/airflow/dags
[2026-06-20T04:06:32.806+0000] {manager.py:737} INFO - Searching for files in /opt/airflow/dags
[2026-06-20T04:06:32.808+0000] {manager.py:740} INFO - There are 0 files in /opt/airflow/dags
[2026-06-20T04:11:32.852+0000] {manager.py:737} INFO - Searching for files in /opt/airflow/dags
[2026-06-20T04:11:32.852+0000] {manager.py:740} INFO - There are 0 files in /opt/airflow/dags
[2026-06-20T04:16:32.883+0000] {manager.py:737} INFO - Searching for files in /opt/airflow/dags
[2026-06-20T04:16:32.884+0000] {manager.py:740} INFO - There are 0 files in /opt/airflow/dags
[2026-06-20T04:21:32.936+0000] {manager.py:737} INFO - Searching for files in /opt/airflow/dags
[2026-06-20T04:21:32.937+0000] {manager.py:740} INFO - There are 0 files in /opt/airflow/dags
[2026-06-20T04:26:33.141+0000] {manager.py:737} INFO - Searching for files in /opt/airflow/dags
[2026-06-20T04:26:33.177+0000] {manager.py:740} INFO - There are 0 files in /opt/airflow/dags
[2026-06-20T04:31:33.663+0000] {manager.py:737} INFO - Searching for files in /opt/airflow/dags
[2026-06-20T04:31:33.675+0000] {manager.py:740} INFO - There are 0 files in /opt/airflow/dags
[2026-06-20T04:36:33.793+0000] {manager.py:737} INFO - Searching for files in /opt/airflow/dags
[2026-06-20T04:36:33.794+0000] {manager.py:740} INFO - There are 0 files in /opt/airflow/dags
[2026-06-20T04:41:34.201+0000] {manager.py:737} INFO - Searching for files in /opt/airflow/dags
[2026-06-20T04:41:34.212+0000] {manager.py:740} INFO - There are 0 files in /opt/airflow/dags
